============================= test session starts =============================
platform win32 -- Python 3.13.5, pytest-9.0.1, pluggy-1.6.0
rootdir: C:\Users\nmtab\OneDrive\Desktop\myProjects\courtPro
plugins: anyio-3.7.1
collected 3 items

tests\test_routes.py FFF                                                 [100%]

================================== FAILURES ===================================
_______________________________ test_login_page _______________________________

client = <FlaskClient <Flask 'app'>>

    def test_login_page(client):
        """
        GIVEN a Flask application
        WHEN the '/login' page is requested (GET)
        THEN check that the response is valid
        """
>       response = client.get('/login')
                   ^^^^^^^^^^^^^^^^^^^^

tests\test_routes.py:7: 
_ _ _ _ _ _ _ _ _ _ _ _ _ _ _ _ _ _ _ _ _ _ _ _ _ _ _ _ _ _ _ _ _ _ _ _ _ _ _ _
..\..\..\..\AppData\Local\Programs\Python\Python313\Lib\site-packages\werkzeug\test.py:1162: in get
    return self.open(*args, **kw)
           ^^^^^^^^^^^^^^^^^^^^^^
..\..\..\..\AppData\Local\Programs\Python\Python313\Lib\site-packages\flask\testing.py:232: in open
    response = super().open(
..\..\..\..\AppData\Local\Programs\Python\Python313\Lib\site-packages\werkzeug\test.py:1116: in open
    response_parts = self.run_wsgi_app(request.environ, buffered=buffered)
                     ^^^^^^^^^^^^^^^^^^^^^^^^^^^^^^^^^^^^^^^^^^^^^^^^^^^^^
..\..\..\..\AppData\Local\Programs\Python\Python313\Lib\site-packages\werkzeug\test.py:988: in run_wsgi_app
    rv = run_wsgi_app(self.application, environ, buffered=buffered)
         ^^^^^^^^^^^^^^^^^^^^^^^^^^^^^^^^^^^^^^^^^^^^^^^^^^^^^^^^^^
..\..\..\..\AppData\Local\Programs\Python\Python313\Lib\site-packages\werkzeug\test.py:1264: in run_wsgi_app
    app_rv = app(environ, start_response)
             ^^^^^^^^^^^^^^^^^^^^^^^^^^^^
..\..\..\..\AppData\Local\Programs\Python\Python313\Lib\site-packages\flask\app.py:1478: in __call__
    return self.wsgi_app(environ, start_response)
           ^^^^^^^^^^^^^^^^^^^^^^^^^^^^^^^^^^^^^^
..\..\..\..\AppData\Local\Programs\Python\Python313\Lib\site-packages\flask\app.py:1458: in wsgi_app
    response = self.handle_exception(e)
               ^^^^^^^^^^^^^^^^^^^^^^^^
..\..\..\..\AppData\Local\Programs\Python\Python313\Lib\site-packages\flask\app.py:1455: in wsgi_app
    response = self.full_dispatch_request()
               ^^^^^^^^^^^^^^^^^^^^^^^^^^^^
..\..\..\..\AppData\Local\Programs\Python\Python313\Lib\site-packages\flask\app.py:869: in full_dispatch_request
    rv = self.handle_user_exception(e)
         ^^^^^^^^^^^^^^^^^^^^^^^^^^^^^
..\..\..\..\AppData\Local\Programs\Python\Python313\Lib\site-packages\flask\app.py:867: in full_dispatch_request
    rv = self.dispatch_request()
         ^^^^^^^^^^^^^^^^^^^^^^^
..\..\..\..\AppData\Local\Programs\Python\Python313\Lib\site-packages\flask\app.py:852: in dispatch_request
    return self.ensure_sync(self.view_functions[rule.endpoint])(**view_args)
           ^^^^^^^^^^^^^^^^^^^^^^^^^^^^^^^^^^^^^^^^^^^^^^^^^^^^^^^^^^^^^^^^^
app\blueprints\auth\routes.py:11: in login
    if current_user.is_authenticated:
       ^^^^^^^^^^^^^^^^^^^^^^^^^^^^^
..\..\..\..\AppData\Local\Programs\Python\Python313\Lib\site-packages\werkzeug\local.py:318: in __get__
    obj = instance._get_current_object()
          ^^^^^^^^^^^^^^^^^^^^^^^^^^^^^^
..\..\..\..\AppData\Local\Programs\Python\Python313\Lib\site-packages\werkzeug\local.py:526: in _get_current_object
    return get_name(local())
                    ^^^^^^^
..\..\..\..\AppData\Local\Programs\Python\Python313\Lib\site-packages\flask_login\utils.py:25: in <lambda>
    current_user = LocalProxy(lambda: _get_user())
                                      ^^^^^^^^^^^
..\..\..\..\AppData\Local\Programs\Python\Python313\Lib\site-packages\flask_login\utils.py:370: in _get_user
    current_app.login_manager._load_user()
_ _ _ _ _ _ _ _ _ _ _ _ _ _ _ _ _ _ _ _ _ _ _ _ _ _ _ _ _ _ _ _ _ _ _ _ _ _ _ _

self = <flask_login.login_manager.LoginManager object at 0x0000017F9C791160>

    def _load_user(self):
        """Loads user from session or remember_me cookie as applicable"""
    
        if self._user_callback is None and self._request_callback is None:
>           raise Exception(
                "Missing user_loader or request_loader. Refer to "
                "http://flask-login.readthedocs.io/#how-it-works "
                "for more info."
            )
E           Exception: Missing user_loader or request_loader. Refer to http://flask-login.readthedocs.io/#how-it-works for more info.

..\..\..\..\AppData\Local\Programs\Python\Python313\Lib\site-packages\flask_login\login_manager.py:347: Exception
__________________________ test_index_page_redirect ___________________________

client = <FlaskClient <Flask 'app'>>

    def test_index_page_redirect(client):
        """
        GIVEN a Flask application
        WHEN the '/' page is requested (GET) without login
        THEN check that it redirects to login
        """
>       response = client.get('/', follow_redirects=True)
                   ^^^^^^^^^^^^^^^^^^^^^^^^^^^^^^^^^^^^^^

tests\test_routes.py:17: 
_ _ _ _ _ _ _ _ _ _ _ _ _ _ _ _ _ _ _ _ _ _ _ _ _ _ _ _ _ _ _ _ _ _ _ _ _ _ _ _
..\..\..\..\AppData\Local\Programs\Python\Python313\Lib\site-packages\werkzeug\test.py:1162: in get
    return self.open(*args, **kw)
           ^^^^^^^^^^^^^^^^^^^^^^
..\..\..\..\AppData\Local\Programs\Python\Python313\Lib\site-packages\flask\testing.py:232: in open
    response = super().open(
..\..\..\..\AppData\Local\Programs\Python\Python313\Lib\site-packages\werkzeug\test.py:1116: in open
    response_parts = self.run_wsgi_app(request.environ, buffered=buffered)
                     ^^^^^^^^^^^^^^^^^^^^^^^^^^^^^^^^^^^^^^^^^^^^^^^^^^^^^
..\..\..\..\AppData\Local\Programs\Python\Python313\Lib\site-packages\werkzeug\test.py:988: in run_wsgi_app
    rv = run_wsgi_app(self.application, environ, buffered=buffered)
         ^^^^^^^^^^^^^^^^^^^^^^^^^^^^^^^^^^^^^^^^^^^^^^^^^^^^^^^^^^
..\..\..\..\AppData\Local\Programs\Python\Python313\Lib\site-packages\werkzeug\test.py:1264: in run_wsgi_app
    app_rv = app(environ, start_response)
             ^^^^^^^^^^^^^^^^^^^^^^^^^^^^
..\..\..\..\AppData\Local\Programs\Python\Python313\Lib\site-packages\flask\app.py:1478: in __call__
    return self.wsgi_app(environ, start_response)
           ^^^^^^^^^^^^^^^^^^^^^^^^^^^^^^^^^^^^^^
..\..\..\..\AppData\Local\Programs\Python\Python313\Lib\site-packages\flask\app.py:1458: in wsgi_app
    response = self.handle_exception(e)
               ^^^^^^^^^^^^^^^^^^^^^^^^
..\..\..\..\AppData\Local\Programs\Python\Python313\Lib\site-packages\flask\app.py:1455: in wsgi_app
    response = self.full_dispatch_request()
               ^^^^^^^^^^^^^^^^^^^^^^^^^^^^
..\..\..\..\AppData\Local\Programs\Python\Python313\Lib\site-packages\flask\app.py:869: in full_dispatch_request
    rv = self.handle_user_exception(e)
         ^^^^^^^^^^^^^^^^^^^^^^^^^^^^^
..\..\..\..\AppData\Local\Programs\Python\Python313\Lib\site-packages\flask\app.py:867: in full_dispatch_request
    rv = self.dispatch_request()
         ^^^^^^^^^^^^^^^^^^^^^^^
..\..\..\..\AppData\Local\Programs\Python\Python313\Lib\site-packages\flask\app.py:852: in dispatch_request
    return self.ensure_sync(self.view_functions[rule.endpoint])(**view_args)
           ^^^^^^^^^^^^^^^^^^^^^^^^^^^^^^^^^^^^^^^^^^^^^^^^^^^^^^^^^^^^^^^^^
app\blueprints\main\routes.py:16: in index
    if not current_user.is_authenticated:
           ^^^^^^^^^^^^^^^^^^^^^^^^^^^^^
..\..\..\..\AppData\Local\Programs\Python\Python313\Lib\site-packages\werkzeug\local.py:318: in __get__
    obj = instance._get_current_object()
          ^^^^^^^^^^^^^^^^^^^^^^^^^^^^^^
..\..\..\..\AppData\Local\Programs\Python\Python313\Lib\site-packages\werkzeug\local.py:526: in _get_current_object
    return get_name(local())
                    ^^^^^^^
..\..\..\..\AppData\Local\Programs\Python\Python313\Lib\site-packages\flask_login\utils.py:25: in <lambda>
    current_user = LocalProxy(lambda: _get_user())
                                      ^^^^^^^^^^^
..\..\..\..\AppData\Local\Programs\Python\Python313\Lib\site-packages\flask_login\utils.py:370: in _get_user
    current_app.login_manager._load_user()
_ _ _ _ _ _ _ _ _ _ _ _ _ _ _ _ _ _ _ _ _ _ _ _ _ _ _ _ _ _ _ _ _ _ _ _ _ _ _ _

self = <flask_login.login_manager.LoginManager object at 0x0000017F9C791160>

    def _load_user(self):
        """Loads user from session or remember_me cookie as applicable"""
    
        if self._user_callback is None and self._request_callback is None:
>           raise Exception(
                "Missing user_loader or request_loader. Refer to "
                "http://flask-login.readthedocs.io/#how-it-works "
                "for more info."
            )
E           Exception: Missing user_loader or request_loader. Refer to http://flask-login.readthedocs.io/#how-it-works for more info.

..\..\..\..\AppData\Local\Programs\Python\Python313\Lib\site-packages\flask_login\login_manager.py:347: Exception
_______________________________ test_login_post _______________________________

client = <FlaskClient <Flask 'app'>>
init_database = <SQLAlchemy sqlite:///:memory:>

    def test_login_post(client, init_database):
        """
        GIVEN a registered user
        WHEN valid login credentials are posted
        THEN check that the user is logged in
        """
>       response = client.post('/login', data=dict(
            username='admin',
            password='password'
        ), follow_redirects=True)

tests\test_routes.py:28: 
_ _ _ _ _ _ _ _ _ _ _ _ _ _ _ _ _ _ _ _ _ _ _ _ _ _ _ _ _ _ _ _ _ _ _ _ _ _ _ _
..\..\..\..\AppData\Local\Programs\Python\Python313\Lib\site-packages\werkzeug\test.py:1167: in post
    return self.open(*args, **kw)
           ^^^^^^^^^^^^^^^^^^^^^^
..\..\..\..\AppData\Local\Programs\Python\Python313\Lib\site-packages\flask\testing.py:232: in open
    response = super().open(
..\..\..\..\AppData\Local\Programs\Python\Python313\Lib\site-packages\werkzeug\test.py:1116: in open
    response_parts = self.run_wsgi_app(request.environ, buffered=buffered)
                     ^^^^^^^^^^^^^^^^^^^^^^^^^^^^^^^^^^^^^^^^^^^^^^^^^^^^^
..\..\..\..\AppData\Local\Programs\Python\Python313\Lib\site-packages\werkzeug\test.py:988: in run_wsgi_app
    rv = run_wsgi_app(self.application, environ, buffered=buffered)
         ^^^^^^^^^^^^^^^^^^^^^^^^^^^^^^^^^^^^^^^^^^^^^^^^^^^^^^^^^^
..\..\..\..\AppData\Local\Programs\Python\Python313\Lib\site-packages\werkzeug\test.py:1264: in run_wsgi_app
    app_rv = app(environ, start_response)
             ^^^^^^^^^^^^^^^^^^^^^^^^^^^^
..\..\..\..\AppData\Local\Programs\Python\Python313\Lib\site-packages\flask\app.py:1478: in __call__
    return self.wsgi_app(environ, start_response)
           ^^^^^^^^^^^^^^^^^^^^^^^^^^^^^^^^^^^^^^
..\..\..\..\AppData\Local\Programs\Python\Python313\Lib\site-packages\flask\app.py:1458: in wsgi_app
    response = self.handle_exception(e)
               ^^^^^^^^^^^^^^^^^^^^^^^^
..\..\..\..\AppData\Local\Programs\Python\Python313\Lib\site-packages\flask\app.py:1455: in wsgi_app
    response = self.full_dispatch_request()
               ^^^^^^^^^^^^^^^^^^^^^^^^^^^^
..\..\..\..\AppData\Local\Programs\Python\Python313\Lib\site-packages\flask\app.py:869: in full_dispatch_request
    rv = self.handle_user_exception(e)
         ^^^^^^^^^^^^^^^^^^^^^^^^^^^^^
..\..\..\..\AppData\Local\Programs\Python\Python313\Lib\site-packages\flask\app.py:867: in full_dispatch_request
    rv = self.dispatch_request()
         ^^^^^^^^^^^^^^^^^^^^^^^
..\..\..\..\AppData\Local\Programs\Python\Python313\Lib\site-packages\flask\app.py:852: in dispatch_request
    return self.ensure_sync(self.view_functions[rule.endpoint])(**view_args)
           ^^^^^^^^^^^^^^^^^^^^^^^^^^^^^^^^^^^^^^^^^^^^^^^^^^^^^^^^^^^^^^^^^
app\blueprints\auth\routes.py:11: in login
    if current_user.is_authenticated:
       ^^^^^^^^^^^^^^^^^^^^^^^^^^^^^
..\..\..\..\AppData\Local\Programs\Python\Python313\Lib\site-packages\werkzeug\local.py:318: in __get__
    obj = instance._get_current_object()
          ^^^^^^^^^^^^^^^^^^^^^^^^^^^^^^
..\..\..\..\AppData\Local\Programs\Python\Python313\Lib\site-packages\werkzeug\local.py:526: in _get_current_object
    return get_name(local())
                    ^^^^^^^
..\..\..\..\AppData\Local\Programs\Python\Python313\Lib\site-packages\flask_login\utils.py:25: in <lambda>
    current_user = LocalProxy(lambda: _get_user())
                                      ^^^^^^^^^^^
..\..\..\..\AppData\Local\Programs\Python\Python313\Lib\site-packages\flask_login\utils.py:370: in _get_user
    current_app.login_manager._load_user()
_ _ _ _ _ _ _ _ _ _ _ _ _ _ _ _ _ _ _ _ _ _ _ _ _ _ _ _ _ _ _ _ _ _ _ _ _ _ _ _

self = <flask_login.login_manager.LoginManager object at 0x0000017F9C791160>

    def _load_user(self):
        """Loads user from session or remember_me cookie as applicable"""
    
        if self._user_callback is None and self._request_callback is None:
>           raise Exception(
                "Missing user_loader or request_loader. Refer to "
                "http://flask-login.readthedocs.io/#how-it-works "
                "for more info."
            )
E           Exception: Missing user_loader or request_loader. Refer to http://flask-login.readthedocs.io/#how-it-works for more info.

..\..\..\..\AppData\Local\Programs\Python\Python313\Lib\site-packages\flask_login\login_manager.py:347: Exception
=========================== short test summary info ===========================
FAILED tests/test_routes.py::test_login_page - Exception: Missing user_loader...
FAILED tests/test_routes.py::test_index_page_redirect - Exception: Missing us...
FAILED tests/test_routes.py::test_login_post - Exception: Missing user_loader...
============================== 3 failed in 1.21s ==============================
